Archive member included to satisfy reference by file (symbol)

c:/program files (x86)/atmel/studio/7.0/toolchain/avr8/avr8-gnu-toolchain/bin/../lib/gcc/avr/4.9.2/../../../../avr/lib/avr5\libm.a(addsf3.o)
                              src/Print.o (__subsf3)
c:/program files (x86)/atmel/studio/7.0/toolchain/avr8/avr8-gnu-toolchain/bin/../lib/gcc/avr/4.9.2/../../../../avr/lib/avr5\libm.a(addsf3x.o)
                              c:/program files (x86)/atmel/studio/7.0/toolchain/avr8/avr8-gnu-toolchain/bin/../lib/gcc/avr/4.9.2/../../../../avr/lib/avr5\libm.a(addsf3.o) (__addsf3x)
c:/program files (x86)/atmel/studio/7.0/toolchain/avr8/avr8-gnu-toolchain/bin/../lib/gcc/avr/4.9.2/../../../../avr/lib/avr5\libm.a(cmpsf2.o)
                              src/Print.o (__ltsf2)
c:/program files (x86)/atmel/studio/7.0/toolchain/avr8/avr8-gnu-toolchain/bin/../lib/gcc/avr/4.9.2/../../../../avr/lib/avr5\libm.a(divsf3.o)
                              src/Print.o (__divsf3)
c:/program files (x86)/atmel/studio/7.0/toolchain/avr8/avr8-gnu-toolchain/bin/../lib/gcc/avr/4.9.2/../../../../avr/lib/avr5\libm.a(divsf3x.o)
                              c:/program files (x86)/atmel/studio/7.0/toolchain/avr8/avr8-gnu-toolchain/bin/../lib/gcc/avr/4.9.2/../../../../avr/lib/avr5\libm.a(divsf3.o) (__divsf3x)
c:/program files (x86)/atmel/studio/7.0/toolchain/avr8/avr8-gnu-toolchain/bin/../lib/gcc/avr/4.9.2/../../../../avr/lib/avr5\libm.a(fixsfsi.o)
                              src/Print.o (__fixsfsi)
c:/program files (x86)/atmel/studio/7.0/toolchain/avr8/avr8-gnu-toolchain/bin/../lib/gcc/avr/4.9.2/../../../../avr/lib/avr5\libm.a(fixunssfsi.o)
                              src/Print.o (__fixunssfsi)
c:/program files (x86)/atmel/studio/7.0/toolchain/avr8/avr8-gnu-toolchain/bin/../lib/gcc/avr/4.9.2/../../../../avr/lib/avr5\libm.a(floatsisf.o)
                              src/Print.o (__floatunsisf)
c:/program files (x86)/atmel/studio/7.0/toolchain/avr8/avr8-gnu-toolchain/bin/../lib/gcc/avr/4.9.2/../../../../avr/lib/avr5\libm.a(fp_cmp.o)
                              c:/program files (x86)/atmel/studio/7.0/toolchain/avr8/avr8-gnu-toolchain/bin/../lib/gcc/avr/4.9.2/../../../../avr/lib/avr5\libm.a(cmpsf2.o) (__fp_cmp)
c:/program files (x86)/atmel/studio/7.0/toolchain/avr8/avr8-gnu-toolchain/bin/../lib/gcc/avr/4.9.2/../../../../avr/lib/avr5\libm.a(fp_inf.o)
                              c:/program files (x86)/atmel/studio/7.0/toolchain/avr8/avr8-gnu-toolchain/bin/../lib/gcc/avr/4.9.2/../../../../avr/lib/avr5\libm.a(addsf3x.o) (__fp_inf)
c:/program files (x86)/atmel/studio/7.0/toolchain/avr8/avr8-gnu-toolchain/bin/../lib/gcc/avr/4.9.2/../../../../avr/lib/avr5\libm.a(fp_nan.o)
                              c:/program files (x86)/atmel/studio/7.0/toolchain/avr8/avr8-gnu-toolchain/bin/../lib/gcc/avr/4.9.2/../../../../avr/lib/avr5\libm.a(addsf3x.o) (__fp_nan)
c:/program files (x86)/atmel/studio/7.0/toolchain/avr8/avr8-gnu-toolchain/bin/../lib/gcc/avr/4.9.2/../../../../avr/lib/avr5\libm.a(fp_pscA.o)
                              c:/program files (x86)/atmel/studio/7.0/toolchain/avr8/avr8-gnu-toolchain/bin/../lib/gcc/avr/4.9.2/../../../../avr/lib/avr5\libm.a(addsf3x.o) (__fp_pscA)
c:/program files (x86)/atmel/studio/7.0/toolchain/avr8/avr8-gnu-toolchain/bin/../lib/gcc/avr/4.9.2/../../../../avr/lib/avr5\libm.a(fp_pscB.o)
                              c:/program files (x86)/atmel/studio/7.0/toolchain/avr8/avr8-gnu-toolchain/bin/../lib/gcc/avr/4.9.2/../../../../avr/lib/avr5\libm.a(addsf3x.o) (__fp_pscB)
c:/program files (x86)/atmel/studio/7.0/toolchain/avr8/avr8-gnu-toolchain/bin/../lib/gcc/avr/4.9.2/../../../../avr/lib/avr5\libm.a(fp_round.o)
                              c:/program files (x86)/atmel/studio/7.0/toolchain/avr8/avr8-gnu-toolchain/bin/../lib/gcc/avr/4.9.2/../../../../avr/lib/avr5\libm.a(addsf3.o) (__fp_round)
c:/program files (x86)/atmel/studio/7.0/toolchain/avr8/avr8-gnu-toolchain/bin/../lib/gcc/avr/4.9.2/../../../../avr/lib/avr5\libm.a(fp_split3.o)
                              c:/program files (x86)/atmel/studio/7.0/toolchain/avr8/avr8-gnu-toolchain/bin/../lib/gcc/avr/4.9.2/../../../../avr/lib/avr5\libm.a(addsf3x.o) (__fp_split3)
c:/program files (x86)/atmel/studio/7.0/toolchain/avr8/avr8-gnu-toolchain/bin/../lib/gcc/avr/4.9.2/../../../../avr/lib/avr5\libm.a(fp_zero.o)
                              c:/program files (x86)/atmel/studio/7.0/toolchain/avr8/avr8-gnu-toolchain/bin/../lib/gcc/avr/4.9.2/../../../../avr/lib/avr5\libm.a(addsf3x.o) (__fp_zero)
c:/program files (x86)/atmel/studio/7.0/toolchain/avr8/avr8-gnu-toolchain/bin/../lib/gcc/avr/4.9.2/../../../../avr/lib/avr5\libm.a(gesf2.o)
                              src/Print.o (__gtsf2)
c:/program files (x86)/atmel/studio/7.0/toolchain/avr8/avr8-gnu-toolchain/bin/../lib/gcc/avr/4.9.2/../../../../avr/lib/avr5\libm.a(mulsf3.o)
                              src/Print.o (__mulsf3)
[...]
Memory Configuration

Name             Origin             Length             Attributes
text             0x00000000         0x00020000         xr
data             0x00800060         0x0000ffa0         rw !x
eeprom           0x00810000         0x00010000         rw !x
fuse             0x00820000         0x00000400         rw !x
lock             0x00830000         0x00000400         rw !x
signature        0x00840000         0x00000400         rw !x
user_signatures  0x00850000         0x00000400         rw !x
*default*        0x00000000         0xffffffff

Linker script and memory map

Address of section .data set to 0x800100
LOAD C:/Program Files (x86)/Atmel/Studio/7.0/Packs/atmel/ATmega_DFP/1.0.90/gcc/dev/atmega328p/avr5/crtatmega328p.o
LOAD Adafruit_GFX.o
LOAD Adafruit_ILI9340.o
LOAD Ebow_Main.o
LOAD glcdfont.o
LOAD src/abi.o
LOAD src/CDC.o
LOAD src/HardwareSerial.o
LOAD src/HardwareSerial0.o
LOAD src/HardwareSerial1.o
LOAD src/HardwareSerial2.o
LOAD src/HardwareSerial3.o
LOAD src/HID.o
LOAD src/hooks.o
LOAD src/IPAddress.o
LOAD src/new.o
LOAD src/Print.o
LOAD src/SPI.o
LOAD src/Stream.o
LOAD src/Tone.o
LOAD src/USBCore.o
LOAD src/WInterrupts.o
LOAD src/wiring.o
LOAD src/wiring_analog.o
LOAD src/wiring_digital.o
LOAD src/wiring_pulse.o
LOAD src/wiring_shift.o
LOAD src/WMath.o
LOAD src/WString.o
START GROUP
LOAD c:/program files (x86)/atmel/studio/7.0/toolchain/avr8/avr8-gnu-toolchain/bin/../lib/gcc/avr/4.9.2/../../../../avr/lib/avr5\libm.a
END GROUP
LOAD c:/program files (x86)/atmel/studio/7.0/toolchain/avr8/avr8-gnu-toolchain/bin/../lib/gcc/avr/4.9.2/avr5\libgcc.a
LOAD c:/program files (x86)/atmel/studio/7.0/toolchain/avr8/avr8-gnu-toolchain/bin/../lib/gcc/avr/4.9.2/../../../../avr/lib/avr5\libm.a
START GROUP
LOAD c:/program files (x86)/atmel/studio/7.0/toolchain/avr8/avr8-gnu-toolchain/bin/../lib/gcc/avr/4.9.2/avr5\libgcc.a
LOAD c:/program files (x86)/atmel/studio/7.0/toolchain/avr8/avr8-gnu-toolchain/bin/../lib/gcc/avr/4.9.2/../../../../avr/lib/avr5\libm.a
LOAD c:/program files (x86)/atmel/studio/7.0/toolchain/avr8/avr8-gnu-toolchain/bin/../lib/gcc/avr/4.9.2/../../../../avr/lib/avr5\libc.a
LOAD C:/Program Files (x86)/Atmel/Studio/7.0/Packs/atmel/ATmega_DFP/1.0.90/gcc/dev/atmega328p/avr5\libatmega328p.a
END GROUP

.hash
 *(.hash)

.dynsym
 *(.dynsym)

.dynstr
 *(.dynstr)

.gnu.version
 *(.gnu.version)

.gnu.version_d
 *(.gnu.version_d)

.gnu.version_r
 *(.gnu.version_r)

.rel.init
 *(.rel.init)

.rela.init
 *(.rela.init)

.rel.text
 *(.rel.text)
 *(.rel.text.*)
 *(.rel.gnu.linkonce.t*)

.rela.text
 *(.rela.text)
 *(.rela.text.*)
 *(.rela.gnu.linkonce.t*)

.rel.fini
 *(.rel.fini)

.rela.fini
 *(.rela.fini)

.rel.rodata
 *(.rel.rodata)
 *(.rel.rodata.*)
 *(.rel.gnu.linkonce.r*)

.rela.rodata
 *(.rela.rodata)
 *(.rela.rodata.*)
 *(.rela.gnu.linkonce.r*)

.rel.data
 *(.rel.data)
 *(.rel.data.*)
 *(.rel.gnu.linkonce.d*)

.rela.data
 *(.rela.data)
 *(.rela.data.*)
 *(.rela.gnu.linkonce.d*)

.rel.ctors
 *(.rel.ctors)

.rela.ctors
 *(.rela.ctors)

.rel.dtors
 *(.rel.dtors)

.rela.dtors
 *(.rela.dtors)

.rel.got
 *(.rel.got)

.rela.got
 *(.rela.got)

.rel.bss
 *(.rel.bss)

.rela.bss
 *(.rela.bss)

.rel.plt
 *(.rel.plt)

.rela.plt
 *(.rela.plt)

.text           0x00000000     0x2acc
 *(.vectors)
 .vectors       0x00000000       0x68 C:/Program Files (x86)/Atmel/Studio/7.0/Packs/atmel/ATmega_DFP/1.0.90/gcc/dev/atmega328p/avr5/crtatmega328p.o
                0x00000000                __vector_default
                0x00000000                __vectors
 *(.vectors)
 *(.progmem.gcc*)
                0x00000068                . = ALIGN (0x2)
                0x00000068                __trampolines_start = .
 *(.trampolines)
 .trampolines   0x00000068        0x0 linker stubs
 *(.trampolines*)
                0x00000068                __trampolines_end = .
 *(.progmem*)
 .progmem.data._ZL4font
                0x00000068      0x500 Adafruit_GFX.o
 .progmem.data._ZZ10LCDdisplayiiE3__c_0
                0x00000568        0x6 Ebow_Main.o
 .progmem.data._ZZ10LCDdisplayiiE3__c
                0x0000056e        0x6 Ebow_Main.o
 .progmem.data.digital_pin_to_timer_PGM
                0x00000574       0x14 src/wiring_digital.o
                0x00000574                digital_pin_to_timer_PGM
 .progmem.data.digital_pin_to_bit_mask_PGM
                0x00000588       0x14 src/wiring_digital.o
                0x00000588                digital_pin_to_bit_mask_PGM
 .progmem.data.digital_pin_to_port_PGM
                0x0000059c       0x14 src/wiring_digital.o
                0x0000059c                digital_pin_to_port_PGM
 .progmem.data.port_to_output_PGM
                0x000005b0        0xa src/wiring_digital.o
                0x000005b0                port_to_output_PGM
 .progmem.data.port_to_mode_PGM
                0x000005ba        0xa src/wiring_digital.o
                0x000005ba                port_to_mode_PGM
                0x000005c4                . = ALIGN (0x2)
 *(.jumptables)
 *(.jumptables*)
 *(.lowtext)
 *(.lowtext*)
                0x000005c4                __ctors_start = .
 *(.ctors)
 .ctors         0x000005c4        0x2 Ebow_Main.o
 .ctors         0x000005c6        0x2 src/HardwareSerial0.o
 .ctors         0x000005c8        0x2 src/IPAddress.o
                0x000005ca                __ctors_end = .
                0x000005ca                __dtors_start = .
 *(.dtors)
                0x000005ca                __dtors_end = .
 SORT(*)(.ctors)
 SORT(*)(.dtors)
 *(.init0)
 .init0         0x000005ca        0x0 C:/Program Files (x86)/Atmel/Studio/7.0/Packs/atmel/ATmega_DFP/1.0.90/gcc/dev/atmega328p/avr5/crtatmega328p.o
                0x000005ca                __init
 *(.init0)
 *(.init1)
 *(.init1)
 *(.init2)
 .init2         0x000005ca        0xc C:/Program Files (x86)/Atmel/Studio/7.0/Packs/atmel/ATmega_DFP/1.0.90/gcc/dev/atmega328p/avr5/crtatmega328p.o
 *(.init2)
 *(.init3)
 *(.init3)
 *(.init4)
 .init4         0x000005d6       0x16 c:/program files (x86)/atmel/studio/7.0/toolchain/avr8/avr8-gnu-toolchain/bin/../lib/gcc/avr/4.9.2/avr5\libgcc.a(_copy_data.o)
                0x000005d6                __do_copy_data
 .init4         0x000005ec       0x10 c:/program files (x86)/atmel/studio/7.0/toolchain/avr8/avr8-gnu-toolchain/bin/../lib/gcc/avr/4.9.2/avr5\libgcc.a(_clear_bss.o)
                0x000005ec                __do_clear_bss
 *(.init4)
 *(.init5)
 *(.init5)
 *(.init6)
 .init6         0x000005fc       0x16 c:/program files (x86)/atmel/studio/7.0/toolchain/avr8/avr8-gnu-toolchain/bin/../lib/gcc/avr/4.9.2/avr5\libgcc.a(_ctors.o)
                0x000005fc                __do_global_ctors
 *(.init6)
 *(.init7)
 *(.init7)
 *(.init8)
 *(.init8)
 *(.init9)
 .init9         0x00000612        0x8 C:/Program Files (x86)/Atmel/Studio/7.0/Packs/atmel/ATmega_DFP/1.0.90/gcc/dev/atmega328p/avr5/crtatmega328p.o
 *(.init9)
 *(.text)
 .text          0x0000061a        0x4 C:/Program Files (x86)/Atmel/Studio/7.0/Packs/atmel/ATmega_DFP/1.0.90/gcc/dev/atmega328p/avr5/crtatmega328p.o
                0x0000061a                __vector_22
                0x0000061a                __vector_24
                0x0000061a                __vector_12
                0x0000061a                __bad_interrupt
                0x0000061a                __vector_6
                0x0000061a                __vector_3
                0x0000061a                __vector_23
                0x0000061a                __vector_25
                0x0000061a                __vector_11
                0x0000061a                __vector_13
                0x0000061a                __vector_17
                0x0000061a                __vector_7
                0x0000061a                __vector_5
                0x0000061a                __vector_4
                0x0000061a                __vector_9
                0x0000061a                __vector_21
                0x0000061a                __vector_15
                0x0000061a                __vector_8
                0x0000061a                __vector_14
                0x0000061a                __vector_10
                0x0000061a                __vector_20
                0x0000061e                . = ALIGN (0x2)
 *(.text.*)
 .text._ZN12Adafruit_GFX8drawLineEiiiij
                0x0000061e      0x18a Adafruit_GFX.o
                0x0000061e                _ZN12Adafruit_GFX8drawLineEiiiij
 .text._ZN12Adafruit_GFX8drawRectEiiiij
                0x000007a8       0x9e Adafruit_GFX.o
                0x000007a8                _ZN12Adafruit_GFX8drawRectEiiiij
 .text._ZN12Adafruit_GFX13drawFastVLineEiiij
                0x00000846       0x2e Adafruit_GFX.o
                0x00000846                _ZN12Adafruit_GFX13drawFastVLineEiiij
 .text._ZN12Adafruit_GFX13drawFastHLineEiiij
                0x00000874       0x2c Adafruit_GFX.o
                0x00000874                _ZN12Adafruit_GFX13drawFastHLineEiiij
 .text._ZN12Adafruit_GFX8fillRectEiiiij
                0x000008a0       0x70 Adafruit_GFX.o
                0x000008a0                _ZN12Adafruit_GFX8fillRectEiiiij
 .text._ZN12Adafruit_GFX10fillScreenEj
                0x00000910       0x3c Adafruit_GFX.o
                0x00000910                _ZN12Adafruit_GFX10fillScreenEj
 .text._ZN12Adafruit_GFX13invertDisplayEb
                0x0000094c        0x2 Adafruit_GFX.o
                0x0000094c                _ZN12Adafruit_GFX13invertDisplayEb
 .text._ZN12Adafruit_GFXC2Eii
                0x0000094e       0x3e Adafruit_GFX.o
                0x0000094e                _ZN12Adafruit_GFXC2Eii
                0x0000094e                _ZN12Adafruit_GFXC1Eii
 .text._ZN12Adafruit_GFX8drawCharEiihjjh
                0x0000098c      0x224 Adafruit_GFX.o
                0x0000098c                _ZN12Adafruit_GFX8drawCharEiihjjh
 .text._ZN12Adafruit_GFX5writeEh
                0x00000bb0       0xbc Adafruit_GFX.o
                0x00000bb0                _ZN12Adafruit_GFX5writeEh
 .text._ZN12Adafruit_GFX9setCursorEii
                0x00000c6c        0xc Adafruit_GFX.o
                0x00000c6c                _ZN12Adafruit_GFX9setCursorEii
 .text._ZN12Adafruit_GFX11setTextSizeEh
                0x00000c78        0xc Adafruit_GFX.o
                0x00000c78                _ZN12Adafruit_GFX11setTextSizeEh
 .text._ZN12Adafruit_GFX12setTextColorEj
                0x00000c84        0xc Adafruit_GFX.o
                0x00000c84                _ZN12Adafruit_GFX12setTextColorEj
 .text._ZN16Adafruit_ILI934010fillScreenEj
                0x00000c90       0x3c Adafruit_ILI9340.o
                0x00000c90                _ZN16Adafruit_ILI934010fillScreenEj
 .text._ZN16Adafruit_ILI9340C2Ehhh
                0x00000ccc       0x40 Adafruit_ILI9340.o
                0x00000ccc                _ZN16Adafruit_ILI9340C1Ehhh
                0x00000ccc                _ZN16Adafruit_ILI9340C2Ehhh
 .text._ZN16Adafruit_ILI93408spiwriteEh
                0x00000d0c       0x5e Adafruit_ILI9340.o
                0x00000d0c                _ZN16Adafruit_ILI93408spiwriteEh
 .text._ZN16Adafruit_ILI934012writecommandEh
                0x00000d6a       0x48 Adafruit_ILI9340.o
                0x00000d6a                _ZN16Adafruit_ILI934012writecommandEh
 .text._ZN16Adafruit_ILI934013invertDisplayEb
                0x00000db2       0x10 Adafruit_ILI9340.o
                0x00000db2                _ZN16Adafruit_ILI934013invertDisplayEb
 .text._ZN16Adafruit_ILI93409writedataEh
                0x00000dc2       0x46 Adafruit_ILI9340.o
                0x00000dc2                _ZN16Adafruit_ILI93409writedataEh
 .text._ZN16Adafruit_ILI93405beginEv
                0x00000e08      0x42c Adafruit_ILI9340.o
                0x00000e08                _ZN16Adafruit_ILI93405beginEv
 .text._ZN16Adafruit_ILI934013setAddrWindowEjjjj
                0x00001234       0x8e Adafruit_ILI9340.o
                0x00001234                _ZN16Adafruit_ILI934013setAddrWindowEjjjj
 .text._ZN16Adafruit_ILI93409drawPixelEiij
                0x000012c2       0x8c Adafruit_ILI9340.o
                0x000012c2                _ZN16Adafruit_ILI93409drawPixelEiij
 .text._ZN16Adafruit_ILI934013drawFastVLineEiiij
                0x0000134e       0xce Adafruit_ILI9340.o
                0x0000134e                _ZN16Adafruit_ILI934013drawFastVLineEiiij
 .text._ZN16Adafruit_ILI934013drawFastHLineEiiij
                0x0000141c       0xce Adafruit_ILI9340.o
                0x0000141c                _ZN16Adafruit_ILI934013drawFastHLineEiiij
 .text._ZN16Adafruit_ILI93408fillRectEiiiij
                0x000014ea      0x110 Adafruit_ILI9340.o
                0x000014ea                _ZN16Adafruit_ILI93408fillRectEiiiij
 .text._Z7ReadADCi
                0x000015fa       0x28 Ebow_Main.o
                0x000015fa                _Z7ReadADCi
 .text._Z9bowNockedv
                0x00001622       0x16 Ebow_Main.o
                0x00001622                _Z9bowNockedv
 .text._Z7isFiredPi
                0x00001638       0x1a Ebow_Main.o
                0x00001638                _Z7isFiredPi
 .text._Z8FiveSixKii
                0x00001652       0x56 Ebow_Main.o
                0x00001652                _Z8FiveSixKii
 .text._Z9playAudioci
                0x000016a8       0xc8 Ebow_Main.o
                0x000016a8                _Z9playAudioci
 .text._GLOBAL__sub_I_lcd
                0x00001770       0x10 Ebow_Main.o
 .text._Z12initLCDSetupv
                0x00001780      0x154 Ebow_Main.o
                0x00001780                _Z12initLCDSetupv
 .text._Z10initializev
                0x000018d4       0x78 Ebow_Main.o
                0x000018d4                _Z10initializev
 .text._Z10LCDdisplayii
                0x0000194c      0x346 Ebow_Main.o
                0x0000194c                _Z10LCDdisplayii
 .text.__vector_16
                0x00001c92       0x9a Ebow_Main.o
                0x00001c92                __vector_16
 .text._Z12coolDownModev
                0x00001d2c       0x9c Ebow_Main.o
                0x00001d2c                _Z12coolDownModev
 .text._Z19measureDrawStrengthv
                0x00001dc8      0x212 Ebow_Main.o
                0x00001dc8                _Z19measureDrawStrengthv
 .text._Z6sendIRi
                0x00001fda       0xd4 Ebow_Main.o
                0x00001fda                _Z6sendIRi
 .text._Z8mainLoopv
                0x000020ae       0xaa Ebow_Main.o
                0x000020ae                _Z8mainLoopv
 .text.main     0x00002158       0x1c Ebow_Main.o
                0x00002158                main
 .text.__cxa_pure_virtual
                0x00002174        0x4 src/abi.o
                0x00002174                __cxa_pure_virtual
 .text._ZN14HardwareSerial9availableEv
                0x00002178       0x18 src/HardwareSerial.o
                0x00002178                _ZN14HardwareSerial9availableEv
 .text._ZN14HardwareSerial4peekEv
                0x00002190       0x1c src/HardwareSerial.o
                0x00002190                _ZN14HardwareSerial4peekEv
 .text._ZN14HardwareSerial4readEv
                0x000021ac       0x28 src/HardwareSerial.o
                0x000021ac                _ZN14HardwareSerial4readEv
 .text._ZN14HardwareSerial17_tx_udr_empty_irqEv
                0x000021d4       0x54 src/HardwareSerial.o
                0x000021d4                _ZN14HardwareSerial17_tx_udr_empty_irqEv
 .text._ZN14HardwareSerial5flushEv
                0x00002228       0x44 src/HardwareSerial.o
                0x00002228                _ZN14HardwareSerial5flushEv
 .text._ZN14HardwareSerial5writeEh
                0x0000226c       0x9e src/HardwareSerial.o
                0x0000226c                _ZN14HardwareSerial5writeEh
 .text._ZN14HardwareSerial5beginEmh
                0x0000230a       0xd2 src/HardwareSerial.o
                0x0000230a                _ZN14HardwareSerial5beginEmh
 .text.__vector_18
                0x000023dc       0x70 src/HardwareSerial0.o
                0x000023dc                __vector_18
 .text.__vector_19
                0x0000244c       0x4c src/HardwareSerial0.o
                0x0000244c                __vector_19
 .text._GLOBAL__sub_I___vector_18
                0x00002498       0x5a src/HardwareSerial0.o
 .text._ZNK9IPAddress7printToER5Print
                0x000024f2       0x84 src/IPAddress.o
                0x000024f2                _ZNK9IPAddress7printToER5Print
 .text._GLOBAL__sub_I__ZN9IPAddressC2Ev
                0x00002576       0x16 src/IPAddress.o
 .text._ZN5Print5writeEPKhj
                0x0000258c       0x5a src/Print.o
                0x0000258c                _ZN5Print5writeEPKhj
 .text._ZN5Print5printEPK19__FlashStringHelper
                0x000025e6       0x52 src/Print.o
                0x000025e6                _ZN5Print5printEPK19__FlashStringHelper
 .text._ZN5Print5printEPKc
                0x00002638       0x2c src/Print.o
                0x00002638                _ZN5Print5printEPKc
 .text._ZN5Print5printEc
                0x00002664       0x10 src/Print.o
                0x00002664                _ZN5Print5printEc
 .text._ZN5Print7printlnEv
                0x00002674       0x18 src/Print.o
                0x00002674                _ZN5Print7printlnEv
 .text._ZN5Print7printlnEPK19__FlashStringHelper
                0x0000268c       0x24 src/Print.o
                0x0000268c                _ZN5Print7printlnEPK19__FlashStringHelper
 .text._ZN5Print11printNumberEmh
                0x000026b0       0xe6 src/Print.o
                0x000026b0                _ZN5Print11printNumberEmh
 .text._ZN5Print5printEmi
                0x00002796       0x1e src/Print.o
                0x00002796                _ZN5Print5printEmi
 .text._ZN5Print5printEhi
                0x000027b4       0x10 src/Print.o
                0x000027b4                _ZN5Print5printEhi
 .text._ZN8SPIClass5beginEv
                0x000027c4       0x6c src/SPI.o
                0x000027c4                _ZN8SPIClass5beginEv
 .text.__vector_1
                0x00002830       0x5a src/WInterrupts.o
                0x00002830                __vector_1
 .text.__vector_2
                0x0000288a       0x5a src/WInterrupts.o
                0x0000288a                __vector_2
 .text.micros   0x000028e4       0x4c src/wiring.o
                0x000028e4                micros
 .text.turnOffPWM
                0x00002930       0x5e src/wiring_digital.o
 .text.pinMode  0x0000298e       0x7e src/wiring_digital.o
                0x0000298e                pinMode
 .text.digitalWrite
                0x00002a0c       0x62 src/wiring_digital.o
                0x00002a0c                digitalWrite
 .text.libgcc.div
                0x00002a6e       0x44 c:/program files (x86)/atmel/studio/7.0/toolchain/avr8/avr8-gnu-toolchain/bin/../lib/gcc/avr/4.9.2/avr5\libgcc.a(_udivmodsi4.o)
                0x00002a6e                __udivmodsi4
 .text.libgcc   0x00002ab2        0xc c:/program files (x86)/atmel/studio/7.0/toolchain/avr8/avr8-gnu-toolchain/bin/../lib/gcc/avr/4.9.2/avr5\libgcc.a(_tablejump2.o)
                0x00002ab2                __tablejump2__
 .text.avr-libc
                0x00002abe        0xa c:/program files (x86)/atmel/studio/7.0/toolchain/avr8/avr8-gnu-toolchain/bin/../lib/gcc/avr/4.9.2/../../../../avr/lib/avr5\libc.a(abort.o)
                0x00002abe                abort
                0x00002ac8                . = ALIGN (0x2)
 *(.fini9)
 .fini9         0x00002ac8        0x0 c:/program files (x86)/atmel/studio/7.0/toolchain/avr8/avr8-gnu-toolchain/bin/../lib/gcc/avr/4.9.2/avr5\libgcc.a(_exit.o)
                0x00002ac8                _exit
                0x00002ac8                exit
 *(.fini9)
 *(.fini8)
 *(.fini8)
 *(.fini7)
 *(.fini7)
 *(.fini6)
 *(.fini6)
 *(.fini5)
 *(.fini5)
 *(.fini4)
 *(.fini4)
 *(.fini3)
 *(.fini3)
 *(.fini2)
 *(.fini2)
 *(.fini1)
 *(.fini1)
 *(.fini0)
 .fini0         0x00002ac8        0x4 c:/program files (x86)/atmel/studio/7.0/toolchain/avr8/avr8-gnu-toolchain/bin/../lib/gcc/avr/4.9.2/avr5\libgcc.a(_exit.o)
 *(.fini0)
                0x00002acc                _etext = .

.data           0x00800100       0xfe load address 0x00002acc
                0x00800100                PROVIDE (__data_start, .)
 *(.data)
 *(.data*)
 .data.destroy  0x00800100        0x1 Ebow_Main.o
                0x00800100                destroy
 .data.cooldown
                0x00800101        0x1 Ebow_Main.o
                0x00800101                cooldown
 .data.shoot    0x00800102        0x1 Ebow_Main.o
                0x00800102                shoot
 .data.soundInput
                0x00800103        0x1 Ebow_Main.o
                0x00800103                soundInput
 .data.fire     0x00800104        0x2 Ebow_Main.o
                0x00800104                fire
 .data.damage   0x00800106        0x2 Ebow_Main.o
                0x00800106                damage
 .data.power    0x00800108        0x2 Ebow_Main.o
                0x00800108                power
 .data.ice      0x0080010a        0x2 Ebow_Main.o
                0x0080010a                ice
 .data.plasma   0x0080010c        0x2 Ebow_Main.o
                0x0080010c                plasma
 *(.rodata)
 *(.rodata*)
 .rodata._ZTV12Adafruit_GFX
                0x0080010e       0x18 Adafruit_GFX.o
                0x0080010e                _ZTV12Adafruit_GFX
 .rodata._ZTV16Adafruit_ILI9340
                0x00800126       0x18 Adafruit_ILI9340.o
                0x00800126                _ZTV16Adafruit_ILI9340
 .rodata.str1.1
                0x0080013e       0x9b Ebow_Main.o
 .rodata._ZTV14HardwareSerial
                0x008001d9       0x10 src/HardwareSerial.o
                0x008001d9                _ZTV14HardwareSerial
 .rodata._ZTV9IPAddress
                0x008001e9        0x6 src/IPAddress.o
                0x008001e9                _ZTV9IPAddress
 .rodata.str1.1
                0x008001ef        0xf src/Print.o
                                 0x11 (size before relaxing)
 *(.gnu.linkonce.d*)
                0x008001fe                . = ALIGN (0x2)
                0x008001fe                _edata = .
                0x008001fe                PROVIDE (__data_end, .)

.bss            0x008001fe       0xe0
                0x008001fe                PROVIDE (__bss_start, .)
 *(.bss)
 *(.bss*)
 .bss._ZL9manaCount
                0x008001fe        0x2 Ebow_Main.o
 .bss._ZL4mana  0x00800200        0x2 Ebow_Main.o
 .bss.health    0x00800202        0x2 Ebow_Main.o
                0x00800202                health
 .bss.lcd       0x00800204       0x2e Ebow_Main.o
                0x00800204                lcd
 .bss.Serial    0x00800232       0x9d src/HardwareSerial0.o
                0x00800232                Serial
 .bss._ZL11INADDR_NONE
                0x008002cf        0x6 src/IPAddress.o
 .bss._ZN8SPIClass11initializedE
                0x008002d5        0x1 src/SPI.o
                0x008002d5                _ZN8SPIClass11initializedE
 .bss.intFunc   0x008002d6        0x4 src/WInterrupts.o
 .bss.timer0_overflow_count
                0x008002da        0x4 src/wiring.o
                0x008002da                timer0_overflow_count
 *(COMMON)
                0x008002de                PROVIDE (__bss_end, .)
                0x00002acc                __data_load_start = LOADADDR (.data)
                0x00002bca                __data_load_end = (__data_load_start + SIZEOF (.data))

.noinit         0x008002de        0x0
                0x008002de                PROVIDE (__noinit_start, .)
 *(.noinit*)
                0x008002de                PROVIDE (__noinit_end, .)
                0x008002de                _end = .
                0x008002de                PROVIDE (__heap_start, .)

.eeprom         0x00810000        0x0
 *(.eeprom*)
                0x00810000                __eeprom_end = .

.fuse
 *(.fuse)
 *(.lfuse)
 *(.hfuse)
 *(.efuse)

.lock
 *(.lock*)

.signature
 *(.signature*)

.user_signatures
 *(.user_signatures*)

.stab
 *(.stab)

.stabstr
 *(.stabstr)

.stab.excl
 *(.stab.excl)

.stab.exclstr
 *(.stab.exclstr)

.stab.index
 *(.stab.index)

.stab.indexstr
 *(.stab.indexstr)

.comment        0x00000000       0x30
 *(.comment)
 .comment       0x00000000       0x30 Adafruit_GFX.o
                                 0x31 (size before relaxing)
 .comment       0x00000030       0x31 Adafruit_ILI9340.o
 .comment       0x00000030       0x31 Ebow_Main.o
 .comment       0x00000030       0x31 src/abi.o
 .comment       0x00000030       0x31 src/HardwareSerial.o
 .comment       0x00000030       0x31 src/HardwareSerial0.o
 .comment       0x00000030       0x31 src/IPAddress.o
 .comment       0x00000030       0x31 src/Print.o
 .comment       0x00000030       0x31 src/SPI.o
 .comment       0x00000030       0x31 src/WInterrupts.o
 .comment       0x00000030       0x31 src/wiring.o
 .comment       0x00000030       0x31 src/wiring_digital.o

.note.gnu.avr.deviceinfo
                0x00000000       0x40
 .note.gnu.avr.deviceinfo
                0x00000000       0x40 C:/Program Files (x86)/Atmel/Studio/7.0/Packs/atmel/ATmega_DFP/1.0.90/gcc/dev/atmega328p/avr5/crtatmega328p.o

.note.gnu.build-id
 *(.note.gnu.build-id)

.debug
 *(.debug)

.line
 *(.line)

.debug_srcinfo
 *(.debug_srcinfo)

.debug_sfnames
 *(.debug_sfnames)

.debug_aranges  0x00000000      0x5a0
 *(.debug_aranges)
 .debug_aranges
                0x00000000      0x160 Adafruit_GFX.o
 .debug_aranges
                0x00000160       0xb8 Adafruit_ILI9340.o
 .debug_aranges
                0x00000218       0x90 Ebow_Main.o
 .debug_aranges
                0x000002a8       0x28 src/abi.o
 .debug_aranges
                0x000002d0       0x68 src/HardwareSerial.o
 .debug_aranges
                0x00000338       0x38 src/HardwareSerial0.o
 .debug_aranges
                0x00000370       0x60 src/IPAddress.o
 .debug_aranges
                0x000003d0       0xe8 src/Print.o
 .debug_aranges
                0x000004b8       0x38 src/SPI.o
 .debug_aranges
                0x000004f0       0x38 src/WInterrupts.o
 .debug_aranges
                0x00000528       0x40 src/wiring.o
 .debug_aranges
                0x00000568       0x38 src/wiring_digital.o

.debug_pubnames
 *(.debug_pubnames)

.debug_info     0x00000000     0xe35c
 *(.debug_info .gnu.linkonce.wi.*)
 .debug_info    0x00000000     0x2fed Adafruit_GFX.o
 .debug_info    0x00002fed     0x2629 Adafruit_ILI9340.o
 .debug_info    0x00005616     0x1b53 Ebow_Main.o
 .debug_info    0x00007169       0x8e src/abi.o
 .debug_info    0x000071f7     0x1a4d src/HardwareSerial.o
 .debug_info    0x00008c44     0x1724 src/HardwareSerial0.o
 .debug_info    0x0000a368      0x98f src/IPAddress.o
 .debug_info    0x0000acf7     0x25a5 src/Print.o
 .debug_info    0x0000d29c      0x669 src/SPI.o
 .debug_info    0x0000d905      0x200 src/WInterrupts.o
 .debug_info    0x0000db05      0x281 src/wiring.o
 .debug_info    0x0000dd86      0x5d6 src/wiring_digital.o

.debug_abbrev   0x00000000     0x210c
 *(.debug_abbrev)
 .debug_abbrev  0x00000000      0x444 Adafruit_GFX.o
 .debug_abbrev  0x00000444      0x47f Adafruit_ILI9340.o
 .debug_abbrev  0x000008c3      0x450 Ebow_Main.o
 .debug_abbrev  0x00000d13       0x5e src/abi.o
 .debug_abbrev  0x00000d71      0x370 src/HardwareSerial.o
 .debug_abbrev  0x000010e1      0x35d src/HardwareSerial0.o
 .debug_abbrev  0x0000143e      0x33d src/IPAddress.o
 .debug_abbrev  0x0000177b      0x3b0 src/Print.o
 .debug_abbrev  0x00001b2b      0x26d src/SPI.o
 .debug_abbrev  0x00001d98       0xe6 src/WInterrupts.o
 .debug_abbrev  0x00001e7e      0x145 src/wiring.o
 .debug_abbrev  0x00001fc3      0x149 src/wiring_digital.o

.debug_line     0x00000000     0x2172
 *(.debug_line .debug_line.* .debug_line_end)
 .debug_line    0x00000000      0x682 Adafruit_GFX.o
 .debug_line    0x00000682      0x4e6 Adafruit_ILI9340.o
 .debug_line    0x00000b68      0x51b Ebow_Main.o
 .debug_line    0x00001083       0xae src/abi.o
 .debug_line    0x00001131      0x2cb src/HardwareSerial.o
 .debug_line    0x000013fc      0x1f2 src/HardwareSerial0.o
 .debug_line    0x000015ee      0x212 src/IPAddress.o
 .debug_line    0x00001800      0x3ed src/Print.o
 .debug_line    0x00001bed      0x1c4 src/SPI.o
 .debug_line    0x00001db1      0x128 src/WInterrupts.o
 .debug_line    0x00001ed9      0x15a src/wiring.o
 .debug_line    0x00002033      0x13f src/wiring_digital.o

.debug_frame    0x00000000     0x16c8
 *(.debug_frame)
 .debug_frame   0x00000000      0x8e4 Adafruit_GFX.o
 .debug_frame   0x000008e4      0x340 Adafruit_ILI9340.o
 .debug_frame   0x00000c24      0x1d0 Ebow_Main.o
 .debug_frame   0x00000df4       0x34 src/abi.o
 .debug_frame   0x00000e28      0x104 src/HardwareSerial.o
 .debug_frame   0x00000f2c       0xcc src/HardwareSerial0.o
 .debug_frame   0x00000ff8       0xe8 src/IPAddress.o
 .debug_frame   0x000010e0      0x3a8 src/Print.o
 .debug_frame   0x00001488       0x5c src/SPI.o
 .debug_frame   0x000014e4       0xe4 src/WInterrupts.o
 .debug_frame   0x000015c8       0x84 src/wiring.o
 .debug_frame   0x0000164c       0x7c src/wiring_digital.o

.debug_str      0x00000000     0x2d85
 *(.debug_str)
 .debug_str     0x00000000      0xaae Adafruit_GFX.o
                                0xb51 (size before relaxing)
 .debug_str     0x00000aae      0x7ad Adafruit_ILI9340.o
                                0xa6c (size before relaxing)
 .debug_str     0x0000125b      0x3d7 Ebow_Main.o
                                0x794 (size before relaxing)
 .debug_str     0x00001632       0x3e src/abi.o
                                0x184 (size before relaxing)
 .debug_str     0x00001670      0xf0a src/HardwareSerial.o
                               0x11c4 (size before relaxing)
 .debug_str     0x0000257a       0x42 src/HardwareSerial0.o
                                0xfbe (size before relaxing)
 .debug_str     0x000025bc      0x251 src/IPAddress.o
                                0x4ff (size before relaxing)
 .debug_str     0x0000280d      0x2f6 src/Print.o
                                0xe64 (size before relaxing)
 .debug_str     0x00002b03       0xa7 src/SPI.o
                                0x5fc (size before relaxing)
 .debug_str     0x00002baa      0x126 src/WInterrupts.o
                                0x209 (size before relaxing)
 .debug_str     0x00002cd0       0x61 src/wiring.o
                                0x20f (size before relaxing)
 .debug_str     0x00002d31       0x54 src/wiring_digital.o
                                0x289 (size before relaxing)

.debug_loc      0x00000000     0x901a
 *(.debug_loc)
 .debug_loc     0x00000000     0x3d68 Adafruit_GFX.o
 .debug_loc     0x00003d68     0x1778 Adafruit_ILI9340.o
 .debug_loc     0x000054e0      0xa28 Ebow_Main.o
 .debug_loc     0x00005f08      0x447 src/HardwareSerial.o
 .debug_loc     0x0000634f      0x17b src/HardwareSerial0.o
 .debug_loc     0x000064ca      0x2c0 src/IPAddress.o
 .debug_loc     0x0000678a     0x1ddf src/Print.o
 .debug_loc     0x00008569      0x1e4 src/SPI.o
 .debug_loc     0x0000874d      0x214 src/WInterrupts.o
 .debug_loc     0x00008961       0xf5 src/wiring.o
 .debug_loc     0x00008a56      0x5c4 src/wiring_digital.o

.debug_macinfo
 *(.debug_macinfo)

.debug_weaknames
 *(.debug_weaknames)

.debug_funcnames
 *(.debug_funcnames)

.debug_typenames
 *(.debug_typenames)

.debug_varnames
 *(.debug_varnames)

.debug_pubtypes
 *(.debug_pubtypes)

.debug_ranges   0x00000000      0x5a8
 *(.debug_ranges)
 .debug_ranges  0x00000000      0x1d0 Adafruit_GFX.o
 .debug_ranges  0x000001d0       0xc0 Adafruit_ILI9340.o
 .debug_ranges  0x00000290       0x98 Ebow_Main.o
 .debug_ranges  0x00000328       0x18 src/abi.o
 .debug_ranges  0x00000340       0x58 src/HardwareSerial.o
 .debug_ranges  0x00000398       0x28 src/HardwareSerial0.o
 .debug_ranges  0x000003c0       0x50 src/IPAddress.o
 .debug_ranges  0x00000410       0xf0 src/Print.o
 .debug_ranges  0x00000500       0x28 src/SPI.o
 .debug_ranges  0x00000528       0x28 src/WInterrupts.o
 .debug_ranges  0x00000550       0x30 src/wiring.o
 .debug_ranges  0x00000580       0x28 src/wiring_digital.o

.debug_macro
 *(.debug_macro)
OUTPUT(Ebow_Main.elf elf32-avr)
LOAD linker stubs
